To honour the JVM settings for this build a single-use Daemon process will be forked. For more on this, please refer to https://docs.gradle.org/9.5.1/userguide/gradle_daemon.html#sec:disabling_the_daemon in the Gradle documentation.
Daemon will be stopped at the end of the build 

> Configure project :
Creating Minecraft artifacts without recompilation.

> Task :copiarCodigoFabric UP-TO-DATE
> Task :createMinecraftArtifacts UP-TO-DATE
> Task :compileJava UP-TO-DATE
> Task :copiarRecursosFabric
> Task :processResources
> Task :classes

> Task :downloadAssets
Loaded 131 artifacts from /home/runner/work/dedsafio/dedsafio/neoforge/build/tmp/downloadAssets/nfrt_artifact_manifest.properties
Downloading asset index 17
Using Minecraft asset root: /home/runner/.gradle/caches/neoformruntime/assets
  ↓ https://piston-meta.mojang.com/v1/packages/9b16298b1dc0697878cec88bb2d96168f5239e4f/17.json

> Task :writeServerLegacyClasspath
> Task :prepareServerRun

> Task :runServer
WARN StatusConsoleListener Advanced terminal features are not available in this environment
[00:37:42] [main/INFO] [cp.mo.mo.Launcher/MODLAUNCHER]: ModLauncher running: args [--launchTarget, forgeserverdev, --gameDir, ., --fml.fmlVersion, 4.0.44, --fml.mcVersion, 1.21.1, --fml.neoForgeVersion, 21.1.252, --fml.neoFormVersion, 20240808.144430, --nogui]
[00:37:42] [main/INFO] [cp.mo.mo.Launcher/MODLAUNCHER]: JVM identified as Eclipse Adoptium OpenJDK 64-Bit Server VM 21.0.12.1+1-LTS
[00:37:42] [main/INFO] [cp.mo.mo.Launcher/MODLAUNCHER]: ModLauncher 11.0.5+main.901c6ea8 starting: java version 21.0.12.1 by Eclipse Adoptium; OS Linux arch amd64 version 6.17.0-1022-azure
[00:37:42] [main/INFO] [ne.ne.fm.lo.ImmediateWindowHandler/]: ImmediateWindowProvider not loading because launch target is forgeserverdev
[00:37:42] [main/INFO] [mixin/]: SpongePowered MIXIN Subsystem Version=0.8.7 Source=union:/home/runner/.gradle/caches/modules-2/files-2.1/net.fabricmc/sponge-mixin/0.15.2+mixin.0.8.7/2af2f021d8e02a0220dc27a7a72b4666d66d44ca/sponge-mixin-0.15.2+mixin.0.8.7.jar%2394!/ Service=ModLauncher Env=SERVER
[00:37:42] [main/INFO] [ne.ne.fm.lo.mo.lo.JarInJarDependencyLocator/]: Found 2 dependencies adding them to mods collection
[00:37:42] [main/INFO] [ne.ne.fm.lo.mo.ModDiscoverer/]: 
     Mod List:
		Name Version (Mod Id)

		Dedsafío 4 0.1.0 (dedsafio4)
		GeckoLib 4 4.9.2 (geckolib)
		Minecraft 1.21.1 (minecraft)
		NeoForge 21.1.252 (neoforge)
[00:37:43] [main/INFO] [mixin/]: Compatibility level set to JAVA_17
[00:37:43] [main/INFO] [mixin/]: Compatibility level set to JAVA_21
[00:37:43] [main/INFO] [cp.mo.mo.LaunchServiceHandler/MODLAUNCHER]: Launching target 'forgeserverdev' with arguments [--gameDir, ., --nogui]
[00:37:43] [main/WARN] [mixin/]: Reference map 'geckolib.refmap.json' for geckolib.mixins.json could not be read. If this is a development environment you can ignore this message
[00:37:44] [main/INFO] [MixinExtras|Service/]: Initializing MixinExtras via com.llamalad7.mixinextras.service.MixinExtrasServiceImpl(version=0.5.3).
[00:37:45] [main/WARN] [dedsafio4/neoforge/]: INYECCIÓN FALLIDA: wrapOperation$zzl000$dedsafio4$sinBolsasDeAire en net.minecraft.world.entity.LivingEntity (com.dedsafio4.mixin.LivingEntityMixin)
[00:37:47] [main/WARN] [dedsafio4/neoforge/]: INYECCIÓN FALLIDA: wrapOperation$zbb000$dedsafio4$golpeSinArmadura en net.minecraft.world.entity.projectile.ThrownEnderpearl (com.dedsafio4.mixin.ThrownEnderpearlMixin)
[00:37:49] [main/WARN] [minecraft/Commands]: Ambiguity between arguments [teleport, location] and [teleport, destination] with inputs: [0.1 -0.5 .9, 0 0 0]
[00:37:49] [main/WARN] [minecraft/Commands]: Ambiguity between arguments [teleport, location] and [teleport, targets] with inputs: [0.1 -0.5 .9, 0 0 0]
[00:37:49] [main/WARN] [minecraft/Commands]: Ambiguity between arguments [teleport, destination] and [teleport, targets] with inputs: [Player, 0123, @e, dd12be42-52a9-4a91-a8a1-11c01849e498]
[00:37:49] [main/WARN] [minecraft/Commands]: Ambiguity between arguments [teleport, targets] and [teleport, destination] with inputs: [Player, 0123, dd12be42-52a9-4a91-a8a1-11c01849e498]
[00:37:49] [main/WARN] [minecraft/Commands]: Ambiguity between arguments [teleport, targets, location] and [teleport, targets, destination] with inputs: [0.1 -0.5 .9, 0 0 0]
[00:37:49] [modloading-worker-0/INFO] [ne.ne.ne.co.NeoForgeMod/NEOFORGE-MOD]: NeoForge mod loading, version 21.1.252, for MC 1.21.1
[00:37:49] [main/INFO] [mojang/YggdrasilAuthenticationService]: Environment: Environment[sessionHost=https://sessionserver.mojang.com, servicesHost=https://api.minecraftservices.com, name=PROD]
[00:37:49] [main/WARN] [minecraft/VanillaPackResourcesBuilder]: Assets URL 'union:/home/runner/work/dedsafio/dedsafio/neoforge/build/moddev/artifacts/neoforge-21.1.252.jar%23125!/assets/.mcassetsroot' uses unexpected schema
[00:37:49] [main/WARN] [minecraft/VanillaPackResourcesBuilder]: Assets URL 'union:/home/runner/work/dedsafio/dedsafio/neoforge/build/moddev/artifacts/neoforge-21.1.252.jar%23125!/data/.mcassetsroot' uses unexpected schema
[00:37:50] [main/INFO] [minecraft/Main]: No existing world data, creating new world
[00:37:50] [main/INFO] [minecraft/RecipeManager]: Loaded 1297 recipes
[00:37:50] [main/INFO] [minecraft/AdvancementTree]: Loaded 1399 advancements
[00:37:51] [Server thread/INFO] [minecraft/DedicatedServer]: Starting minecraft server version 1.21.1
[00:37:51] [Server thread/INFO] [minecraft/DedicatedServer]: Loading properties
[00:37:51] [Server thread/INFO] [minecraft/DedicatedServer]: Default game type: SURVIVAL
[00:37:51] [Server thread/INFO] [minecraft/MinecraftServer]: Generating keypair
[00:37:51] [Server thread/INFO] [minecraft/DedicatedServer]: Starting Minecraft server on *:25565
[00:37:51] [Server thread/INFO] [minecraft/ServerConnectionListener]: Using epoll channel type
[00:37:51] [Server thread/WARN] [minecraft/DedicatedServer]: **** SERVER IS RUNNING IN OFFLINE/INSECURE MODE!
[00:37:51] [Server thread/WARN] [minecraft/DedicatedServer]: The server will make no attempt to authenticate usernames. Beware.
[00:37:51] [Server thread/WARN] [minecraft/DedicatedServer]: While this makes the game possible to play without internet access, it also opens up the ability for hackers to connect with any username they choose.
[00:37:51] [Server thread/WARN] [minecraft/DedicatedServer]: To change this, set "online-mode" to "true" in the server.properties file.
[00:37:51] [Server thread/INFO] [minecraft/DedicatedServer]: Preparing level "world"
[00:37:55] [Server thread/INFO] [minecraft/MinecraftServer]: Preparing start region for dimension minecraft:overworld
[00:37:55] [worldgen/INFO] [minecraft/LoggerChunkProgressListener]: Preparing spawn area: 2%
[00:37:56] [worldgen/INFO] [minecraft/LoggerChunkProgressListener]: Preparing spawn area: 2%
[00:37:56] [worldgen/INFO] [minecraft/LoggerChunkProgressListener]: Preparing spawn area: 2%
[00:37:56] [worldgen/INFO] [minecraft/LoggerChunkProgressListener]: Preparing spawn area: 4%
[00:37:57] [worldgen/INFO] [minecraft/LoggerChunkProgressListener]: Preparing spawn area: 18%
[00:37:57] [worldgen/INFO] [minecraft/LoggerChunkProgressListener]: Preparing spawn area: 18%
[00:37:58] [worldgen/INFO] [minecraft/LoggerChunkProgressListener]: Preparing spawn area: 51%
[00:37:58] [worldgen/INFO] [minecraft/LoggerChunkProgressListener]: Preparing spawn area: 51%
[00:37:59] [worldgen/INFO] [minecraft/LoggerChunkProgressListener]: Preparing spawn area: 51%
[00:37:59] [Server thread/INFO] [minecraft/LoggerChunkProgressListener]: Time elapsed: 4189 ms
[00:37:59] [Server thread/INFO] [minecraft/DedicatedServer]: Done (8.044s)! For help, type "help"
[00:37:59] [Server thread/INFO] [ne.ne.ne.ga.GameTestHooks/]: Enabled Gametest Namespaces: []
[00:37:59] [Server thread/INFO] [ne.ne.ne.se.pe.PermissionAPI/]: Successfully initialized permission handler neoforge:default_handler
[00:38:32] [Server thread/INFO] [minecraft/PlayerList]: Dev[/[::1]:45600] logged in with entity id 12 at (73.5, 86.0, 139.5)
[00:38:32] [Server thread/INFO] [minecraft/MinecraftServer]:  Dev se ha conectado.
